// Jest Snapshot v1, https://goo.gl/fbAQLP

exports[`Footer component matches snapshot 1`] = `
<DocumentFragment>
  <div
    class="footer"
  >
    <div
      class="footer__wrapper"
    >
      <div
        class="footer__main"
      >
        <div
          class="footer__copyright"
        >
          <p>
            © All rights reserved – Danny Bae
          </p>
        </div>
        <div
          class="footer__social__icons"
        >
          <ul>
            <li>
              <a
                href="https://www.github.com/danveb"
                rel="noreferrer noopener"
                target="_blank"
              >
                <img
                  alt="social icon"
                  src="github.svg"
                />
              </a>
            </li>
            <li>
              <a
                href="https://www.linkedin.com/in/daniel-eze-bae"
                rel="noreferrer noopener"
                target="_blank"
              >
                <img
                  alt="social icon"
                  src="linkedin.svg"
                />
              </a>
            </li>
            <li>
              <a
                href="mailto:danibae91@gmail.com"
                rel="noreferrer noopener"
                target="_blank"
              >
                <img
                  alt="social icon"
                  src="at.svg"
                />
              </a>
            </li>
          </ul>
        </div>
      </div>
    </div>
  </div>
</DocumentFragment>
`;
